Hi, Ben ben.
This is Jin bing.
I miss you a little.
